../Core/Inc/DWT_Delay.h:22:22:DWT_Delay_us	24	static
../Core/Inc/DWT_Delay.h:31:22:DWT_Delay_ms	24	static
../Core/Src/LCD16x2.c:15:6:LCD_DATA	16	static
../Core/Src/LCD16x2.c:34:6:LCD_CMD	16	static
../Core/Src/LCD16x2.c:46:6:LCD_Clear	8	static
../Core/Src/LCD16x2.c:52:6:LCD_Set_Cursor	24	static
../Core/Src/LCD16x2.c:73:6:LCD_Init	48	static
../Core/Src/LCD16x2.c:121:6:LCD_Write_Char	24	static
../Core/Src/LCD16x2.c:141:6:LCD_Write_String	24	static
../Core/Src/LCD16x2.c:147:6:LCD_SL	8	static
../Core/Src/LCD16x2.c:153:6:LCD_SR	8	static
